../Drivers/STM32H7xx_HAL_Driver/Inc/stm32h7xx_ll_tim.h:1523:22:LL_TIM_EnableCounter	16	static
../Drivers/STM32H7xx_HAL_Driver/Inc/stm32h7xx_ll_tim.h:1567:22:LL_TIM_DisableUpdateEvent	16	static
../Drivers/STM32H7xx_HAL_Driver/Inc/stm32h7xx_ll_tim.h:1714:22:LL_TIM_DisableARRPreload	16	static
../Drivers/STM32H7xx_HAL_Driver/Inc/stm32h7xx_ll_tim.h:2058:22:LL_TIM_CC_EnableChannel	16	static
../Drivers/STM32H7xx_HAL_Driver/Inc/stm32h7xx_ll_tim.h:2087:22:LL_TIM_CC_DisableChannel	16	static
../Drivers/STM32H7xx_HAL_Driver/Inc/stm32h7xx_ll_tim.h:2919:22:LL_TIM_IC_SetActiveInput	32	static
../Drivers/STM32H7xx_HAL_Driver/Inc/stm32h7xx_ll_tim.h:2969:22:LL_TIM_IC_SetPrescaler	32	static
../Drivers/STM32H7xx_HAL_Driver/Inc/stm32h7xx_ll_tim.h:3032:22:LL_TIM_IC_SetFilter	32	static
../Drivers/STM32H7xx_HAL_Driver/Inc/stm32h7xx_ll_tim.h:3098:22:LL_TIM_IC_SetPolarity	32	static
../Drivers/STM32H7xx_HAL_Driver/Inc/stm32h7xx_ll_tim.h:3302:22:LL_TIM_SetClockSource	16	static
../Drivers/STM32H7xx_HAL_Driver/Inc/stm32h7xx_ll_tim.h:3348:22:LL_TIM_SetTriggerOutput	16	static
../Drivers/STM32H7xx_HAL_Driver/Inc/stm32h7xx_ll_tim.h:3457:22:LL_TIM_DisableMasterSlaveMode	16	static
../Drivers/STM32H7xx_HAL_Driver/Inc/stm32h7xx_ll_tim.h:4291:22:LL_TIM_ClearFlag_CC4	16	static
../Drivers/STM32H7xx_HAL_Driver/Inc/stm32h7xx_ll_tim.h:4302:26:LL_TIM_IsActiveFlag_CC4	16	static
../Drivers/STM32H7xx_HAL_Driver/Inc/stm32h7xx_ll_bus.h:1384:22:LL_AHB4_GRP1_EnableClock	24	static
../Drivers/STM32H7xx_HAL_Driver/Inc/stm32h7xx_ll_bus.h:1862:22:LL_APB1_GRP1_EnableClock	24	static
../Drivers/STM32H7xx_HAL_Driver/Inc/stm32h7xx_ll_gpio.h:803:26:LL_GPIO_IsInputPinSet	16	static
../Drivers/STM32H7xx_HAL_Driver/Inc/stm32h7xx_ll_gpio.h:942:22:LL_GPIO_TogglePin	24	static
../Core/Src/main.c:110:5:main	24	static,ignoring_inline_asm
../Core/Src/main.c:217:6:SystemClock_Config	128	static
../Core/Src/main.c:281:13:MX_I2C1_Init	8	static
../Core/Src/main.c:329:13:MX_TIM2_Init	80	static
../Core/Src/main.c:406:13:MX_TIM4_Init	56	static
../Core/Src/main.c:459:13:MX_USART3_UART_Init	8	static
../Core/Src/main.c:507:13:MX_USB_OTG_FS_PCD_Init	8	static
../Core/Src/main.c:543:13:MX_GPIO_Init	64	static
../Core/Src/main.c:628:6:Delay_us_Rough	32	static
../Core/Src/main.c:649:6:StartDefaultTask	16	static
../Core/Src/main.c:673:6:User_Button_Activity	16	static
../Core/Src/main.c:714:6:OV7670_Image_Sensor	16	static
../Core/Src/main.c:795:6:MPU_Config	24	static
../Core/Src/main.c:853:6:HAL_TIM_PeriodElapsedCallback	16	static
../Core/Src/main.c:870:6:Error_Handler	4	static,ignoring_inline_asm
